BL51 BANKED LINKER/LOCATER V6.22.2.0                                                    11/17/2022  14:15:24  PAGE 1


BL51 BANKED LINKER/LOCATER V6.22.2.0, INVOKED BY:
C:\KEIL_V5\C51\BIN\BL51.EXE .\Obj\STARTUP.obj, .\Obj\main.obj, .\Obj\lcd1602.obj, .\Obj\public.obj TO .\Obj\lcd1602œ‘ æ∏
>> ¥øÃ µ—È PRINT (.\Obj\lcd1602œ‘ æ∏¥øÃ µ—È.m51) RAMSIZE (256)


MEMORY MODEL: SMALL


INPUT MODULES INCLUDED:
  .\Obj\STARTUP.obj (?C_STARTUP)
  .\Obj\main.obj (MAIN)
  .\Obj\lcd1602.obj (LCD1602)
  .\Obj\public.obj (PUBLIC)
  C:\KEIL_V5\C51\LIB\C51S.LIB (?C?CLDPTR)


LINK MAP OF MODULE:  .\Obj\lcd1602œ‘ æ∏¥øÃ µ—È (?C_STARTUP)


            TYPE    BASE      LENGTH    RELOCATION   SEGMENT NAME
            -----------------------------------------------------

            * * * * * * *   D A T A   M E M O R Y   * * * * * * *
            REG     0000H     0008H     ABSOLUTE     "REG BANK 0"
            DATA    0008H     0006H     UNIT         _DATA_GROUP_
            IDATA   000EH     0001H     UNIT         ?STACK

            * * * * * * *   C O D E   M E M O R Y   * * * * * * *
            CODE    0000H     0003H     ABSOLUTE     
                    0003H     07FDH                  *** GAP ***
            CODE    0800H     00A2H     UNIT         ?PR?_LCD1602_SHOW_STRING?LCD1602
            CODE    08A2H     001FH     UNIT         ?PR?_LCD1602_WRITE_DATA?LCD1602
            CODE    08C1H     001EH     UNIT         ?PR?MAIN?MAIN
            CODE    08DFH     0019H     UNIT         ?C?LIB_CODE
            CODE    08F8H     0017H     UNIT         ?CO?MAIN
            CODE    090FH     0016H     UNIT         ?PR?_DELAY_MS?PUBLIC
            CODE    0925H     0015H     UNIT         ?PR?_LCD1602_WRITE_CMD?LCD1602
            CODE    093AH     0014H     UNIT         ?PR?LCD1602_INIT?LCD1602
            CODE    094EH     000CH     UNIT         ?C_C51STARTUP
            CODE    095AH     0005H     UNIT         ?PR?LCD1602_CLEAR?LCD1602



OVERLAY MAP OF MODULE:   .\Obj\lcd1602œ‘ æ∏¥øÃ µ—È (?C_STARTUP)


SEGMENT                                    DATA_GROUP 
  +--> CALLED SEGMENT                    START    LENGTH
--------------------------------------------------------
?C_C51STARTUP                            -----    -----
  +--> ?PR?MAIN?MAIN

?PR?MAIN?MAIN                            -----    -----
  +--> ?PR?LCD1602_INIT?LCD1602
  +--> ?CO?MAIN
  +--> ?PR?_LCD1602_SHOW_STRING?LCD1602

?PR?LCD1602_INIT?LCD1602                 -----    -----
BL51 BANKED LINKER/LOCATER V6.22.2.0                                                  11/17/2022  14:15:24  PAGE 2


  +--> ?PR?_LCD1602_WRITE_CMD?LCD1602

?PR?_LCD1602_WRITE_CMD?LCD1602           000DH    0001H
  +--> ?PR?_DELAY_MS?PUBLIC

?PR?_LCD1602_SHOW_STRING?LCD1602         0008H    0005H
  +--> ?PR?_LCD1602_WRITE_CMD?LCD1602
  +--> ?PR?_LCD1602_WRITE_DATA?LCD1602

?PR?_LCD1602_WRITE_DATA?LCD1602          000DH    0001H
  +--> ?PR?_DELAY_MS?PUBLIC



SYMBOL TABLE OF MODULE:  .\Obj\lcd1602œ‘ æ∏¥øÃ µ—È (?C_STARTUP)

  VALUE           TYPE          NAME
  ----------------------------------

  -------         MODULE        ?C_STARTUP
  C:094EH         SEGMENT       ?C_C51STARTUP
  I:000EH         SEGMENT       ?STACK
  C:0000H         PUBLIC        ?C_STARTUP
  D:00E0H         SYMBOL        ACC
  D:00F0H         SYMBOL        B
  D:0083H         SYMBOL        DPH
  D:0082H         SYMBOL        DPL
  N:0000H         SYMBOL        IBPSTACK
  N:0100H         SYMBOL        IBPSTACKTOP
  N:0080H         SYMBOL        IDATALEN
  C:0951H         SYMBOL        IDATALOOP
  N:0000H         SYMBOL        PBPSTACK
  N:0100H         SYMBOL        PBPSTACKTOP
  N:0000H         SYMBOL        PDATALEN
  N:0000H         SYMBOL        PDATASTART
  N:0000H         SYMBOL        PPAGE
  N:0000H         SYMBOL        PPAGEENABLE
  D:00A0H         SYMBOL        PPAGE_SFR
  D:0081H         SYMBOL        SP
  C:094EH         SYMBOL        STARTUP1
  N:0000H         SYMBOL        XBPSTACK
  N:0000H         SYMBOL        XBPSTACKTOP
  N:0000H         SYMBOL        XDATALEN
  N:0000H         SYMBOL        XDATASTART
  C:0000H         LINE#         126
  C:094EH         LINE#         133
  C:0950H         LINE#         134
  C:0951H         LINE#         135
  C:0952H         LINE#         136
  C:0954H         LINE#         185
  C:0957H         LINE#         196
  -------         ENDMOD        ?C_STARTUP

  -------         MODULE        MAIN
  C:0000H         SYMBOL        _ICE_DUMMY_
  D:0090H         PUBLIC        P1
  D:00A0H         PUBLIC        P2
BL51 BANKED LINKER/LOCATER V6.22.2.0                                                  11/17/2022  14:15:24  PAGE 3


  D:00B0H         PUBLIC        P3
  D:00A8H         PUBLIC        IE
  D:00B8H         PUBLIC        IP
  C:08C1H         PUBLIC        main
  D:0098H         PUBLIC        SCON
  D:0088H         PUBLIC        TCON
  D:00C8H         PUBLIC        T2CON
  D:00D0H         PUBLIC        PSW
  -------         PROC          MAIN
  C:08C1H         LINE#         4
  C:08C1H         LINE#         6
  C:08C4H         LINE#         7
  C:08D0H         LINE#         8
  C:08DDH         LINE#         10
  -------         ENDPROC       MAIN
  -------         ENDMOD        MAIN

  -------         MODULE        LCD1602
  C:0000H         SYMBOL        _ICE_DUMMY_
  D:0080H         PUBLIC        P0
  D:0090H         PUBLIC        P1
  D:00A0H         PUBLIC        P2
  D:00B0H         PUBLIC        P3
  B:00A0H.6       PUBLIC        lcd1602_RS
  B:00A0H.5       PUBLIC        lcd1602_RW
  C:08ACH         PUBLIC        _lcd1602_write_data
  D:00A8H         PUBLIC        IE
  C:093AH         PUBLIC        lcd1602_init
  D:00B8H         PUBLIC        IP
  C:0800H         PUBLIC        _lcd1602_show_string
  C:0925H         PUBLIC        _lcd1602_write_cmd
  B:00A0H.7       PUBLIC        lcd1602_E
  D:0098H         PUBLIC        SCON
  D:0088H         PUBLIC        TCON
  D:00C8H         PUBLIC        T2CON
  C:095AH         PUBLIC        lcd1602_clear
  D:00D0H         PUBLIC        PSW
  -------         PROC          _LCD1602_WRITE_CMD
  D:000DH         SYMBOL        cmd
  C:0925H         LINE#         4
  C:0927H         LINE#         6
  C:0929H         LINE#         9
  C:092BH         LINE#         12
  C:092DH         LINE#         13
  C:0932H         LINE#         15
  C:0935H         LINE#         17
  C:0937H         LINE#         19
  C:0939H         LINE#         20
  -------         ENDPROC       _LCD1602_WRITE_CMD
  -------         PROC          L?0020
  -------         ENDPROC       L?0020
  -------         PROC          _LCD1602_WRITE_DATA
  D:000DH         SYMBOL        dat
  C:08ACH         LINE#         23
  C:08AEH         LINE#         25
  C:08B0H         LINE#         28
  C:08B2H         LINE#         31
BL51 BANKED LINKER/LOCATER V6.22.2.0                                                  11/17/2022  14:15:24  PAGE 4


  C:08B4H         LINE#         32
  C:08B9H         LINE#         34
  C:08BCH         LINE#         36
  C:08BEH         LINE#         38
  C:08C0H         LINE#         39
  -------         ENDPROC       _LCD1602_WRITE_DATA
  -------         PROC          LCD1602_INIT
  C:093AH         LINE#         42
  C:093AH         LINE#         45
  C:093FH         LINE#         48
  C:0944H         LINE#         51
  C:0949H         LINE#         54
  -------         ENDPROC       LCD1602_INIT
  -------         PROC          _LCD1602_SHOW_STRING
  D:0008H         SYMBOL        x
  D:0005H         SYMBOL        y
  D:0009H         SYMBOL        str
  -------         DO            
  D:000CH         SYMBOL        i
  -------         ENDDO         
  C:0800H         LINE#         58
  C:0808H         LINE#         59
  C:080BH         LINE#         61
  C:0825H         LINE#         63
  C:082FH         LINE#         64
  C:083AH         LINE#         65
  C:0848H         LINE#         66
  C:084EH         LINE#         68
  C:0856H         LINE#         71
  C:0859H         LINE#         72
  C:0864H         LINE#         73
  C:0866H         LINE#         74
  C:0868H         LINE#         75
  C:0868H         LINE#         76
  C:0868H         LINE#         77
  C:0873H         LINE#         78
  C:0881H         LINE#         79
  C:0887H         LINE#         81
  C:088FH         LINE#         84
  C:0892H         LINE#         85
  C:089DH         LINE#         86
  C:089FH         LINE#         87
  C:08A1H         LINE#         88
  C:08A1H         LINE#         89
  -------         ENDPROC       _LCD1602_SHOW_STRING
  -------         PROC          LCD1602_CLEAR
  C:095AH         LINE#         92
  C:095AH         LINE#         93
  -------         ENDPROC       LCD1602_CLEAR
  -------         ENDMOD        LCD1602

  -------         MODULE        PUBLIC
  C:0000H         SYMBOL        _ICE_DUMMY_
  D:0090H         PUBLIC        P1
  D:00B0H         PUBLIC        P3
  D:00A8H         PUBLIC        IE
  D:00B8H         PUBLIC        IP
BL51 BANKED LINKER/LOCATER V6.22.2.0                                                  11/17/2022  14:15:24  PAGE 5


  D:0098H         PUBLIC        SCON
  D:0088H         PUBLIC        TCON
  C:090FH         PUBLIC        _delay_ms
  D:00C8H         PUBLIC        T2CON
  D:00D0H         PUBLIC        PSW
  -------         PROC          _DELAY_MS
  D:0007H         SYMBOL        z
  -------         DO            
  D:0006H         SYMBOL        i
  -------         ENDDO         
  C:090FH         LINE#         4
  C:090FH         LINE#         6
  C:0915H         LINE#         7
  C:0924H         LINE#         8
  C:0924H         LINE#         9
  -------         ENDPROC       _DELAY_MS
  -------         ENDMOD        PUBLIC

  -------         MODULE        ?C?CLDPTR
  C:08DFH         PUBLIC        ?C?CLDPTR
  -------         ENDMOD        ?C?CLDPTR

*** WARNING L16: UNCALLED SEGMENT, IGNORED FOR OVERLAY PROCESS
    SEGMENT: ?PR?LCD1602_CLEAR?LCD1602

******************************************************************************
* RESTRICTED VERSION WITH 0800H BYTE CODE SIZE LIMIT; USED: 0149H BYTE (16%) *
******************************************************************************

Program Size: data=15.0 xdata=0 code=354
LINK/LOCATE RUN COMPLETE.  1 WARNING(S),  0 ERROR(S)
